D:\bsep_2022\backend\src\main\java\com\example\demo\dto\IssuerInfoDTO.java
D:\bsep_2022\backend\src\main\java\com\example\demo\repository\CertificationAuthorityRepository.java
D:\bsep_2022\backend\src\main\java\com\example\demo\repository\UserVerificationsRepository.java
D:\bsep_2022\backend\src\main\java\com\example\demo\security\TokenBasedAuthentication.java
D:\bsep_2022\backend\src\main\java\com\example\demo\service\CustomUserDetailsService.java
D:\bsep_2022\backend\src\main\java\com\example\demo\controller\AppUserController.java
D:\bsep_2022\backend\src\main\java\com\example\demo\SimpleCORSFilter.java
D:\bsep_2022\backend\src\main\java\com\example\demo\dto\JwtAuthenticationRequest.java
D:\bsep_2022\backend\src\main\java\com\example\demo\dto\UserTokenState.java
D:\bsep_2022\backend\src\main\java\com\example\demo\security\RestAuthenticationEntryPoint.java
D:\bsep_2022\backend\src\main\java\com\example\demo\model\CertificateStatus.java
D:\bsep_2022\backend\src\main\java\com\example\demo\dto\NewUserDto.java
D:\bsep_2022\backend\src\main\java\com\example\demo\model\CertificationAuthority.java
D:\bsep_2022\backend\src\main\java\com\example\demo\utils\TokenUtils.java
D:\bsep_2022\backend\src\main\java\com\example\demo\service\CertificateGenerator.java
D:\bsep_2022\backend\src\main\java\com\example\demo\service\CertificateService.java
D:\bsep_2022\backend\src\main\java\com\example\demo\service\KeyStoreReader.java
D:\bsep_2022\backend\src\main\java\com\example\demo\dto\PasswordlessDto.java
D:\bsep_2022\backend\src\main\java\com\example\demo\service\RandomString.java
D:\bsep_2022\backend\src\main\java\com\example\demo\model\IssuerData.java
D:\bsep_2022\backend\src\main\java\com\example\demo\service\AppUserService.java
D:\bsep_2022\backend\src\main\java\com\example\demo\dto\NewCertificateDto.java
D:\bsep_2022\backend\src\main\java\com\example\demo\controller\CertificateController.java
D:\bsep_2022\backend\src\main\java\com\example\demo\model\AppUser.java
D:\bsep_2022\backend\src\main\java\com\example\demo\model\UserType.java
D:\bsep_2022\backend\src\main\java\com\example\demo\repository\RoleRepository.java
D:\bsep_2022\backend\src\main\java\com\example\demo\service\RegistrationService.java
D:\bsep_2022\backend\src\main\java\com\example\demo\DemoApplication.java
D:\bsep_2022\backend\src\main\java\com\example\demo\service\RoleService.java
D:\bsep_2022\backend\src\main\java\com\example\demo\config\WebConfig.java
D:\bsep_2022\backend\src\main\java\com\example\demo\controller\CertificationAuthorityController.java
D:\bsep_2022\backend\src\main\java\com\example\demo\model\CertificateData.java
D:\bsep_2022\backend\src\main\java\com\example\demo\service\KeyStoreWriter.java
D:\bsep_2022\backend\src\main\java\com\example\demo\repository\PasswordlessInfoRepository.java
D:\bsep_2022\backend\src\main\java\com\example\demo\dto\CertificateFrontDto.java
D:\bsep_2022\backend\src\main\java\com\example\demo\model\PermissionRole.java
D:\bsep_2022\backend\src\main\java\com\example\demo\model\Role.java
D:\bsep_2022\backend\src\main\java\com\example\demo\dto\SubjectInfoDTO.java
D:\bsep_2022\backend\src\main\java\com\example\demo\repository\PermissionRoleRepository.java
D:\bsep_2022\backend\src\main\java\com\example\demo\config\WebSecurityConfig.java
D:\bsep_2022\backend\src\main\java\com\example\demo\service\PermissionRoleService.java
D:\bsep_2022\backend\src\main\java\com\example\demo\service\CertificationAuthorityService.java
D:\bsep_2022\backend\src\main\java\com\example\demo\security\TokenAuthenticationFilter.java
D:\bsep_2022\backend\src\main\java\com\example\demo\controller\RegistrationController.java
D:\bsep_2022\backend\src\main\java\com\example\demo\model\PasswordlessInfo.java
D:\bsep_2022\backend\src\main\java\com\example\demo\repository\AppUserRepository.java
D:\bsep_2022\backend\src\main\java\com\example\demo\repository\CertificateRepository.java
D:\bsep_2022\backend\src\main\java\com\example\demo\service\CertificateReader.java
D:\bsep_2022\backend\src\main\java\com\example\demo\dto\UserFrontDto.java
D:\bsep_2022\backend\src\main\java\com\example\demo\service\CertificateExample.java
D:\bsep_2022\backend\src\main\java\com\example\demo\model\UserVerifications.java
D:\bsep_2022\backend\src\main\java\com\example\demo\model\CertificateType.java
D:\bsep_2022\backend\src\main\java\com\example\demo\model\SubjectData.java
